[13/May/2026 20:32:56] "GET / HTTP/1.1" 200 141918
[13/May/2026 20:32:56,440] - Broken pipe from ('127.0.0.1', 60805)
[13/May/2026 20:33:07] "GET / HTTP/1.1" 200 141918
[13/May/2026 20:33:07,777] - Broken pipe from ('127.0.0.1', 60809)
[13/May/2026 20:35:04] "GET /admin/ HTTP/1.1" 302 0
[13/May/2026 20:35:05] "GET /admin/login/?next=/admin/ HTTP/1.1" 200 4174
[13/May/2026 20:35:05] "GET /static/admin/css/nav_sidebar.css HTTP/1.1" 200 2810
[13/May/2026 20:35:05] "GET /static/admin/css/dark_mode.css HTTP/1.1" 200 2808
[13/May/2026 20:35:05] "GET /static/admin/css/responsive.css HTTP/1.1" 200 16565
[13/May/2026 20:35:05] "GET /static/admin/css/base.css HTTP/1.1" 200 22120
[13/May/2026 20:35:05] "GET /static/admin/css/login.css HTTP/1.1" 200 951
[13/May/2026 20:35:05] "GET /static/admin/js/theme.js HTTP/1.1" 200 1653
[13/May/2026 20:35:05] "GET /static/admin/js/nav_sidebar.js HTTP/1.1" 200 3063
[13/May/2026 20:35:16] "POST /admin/login/?next=/admin/ HTTP/1.1" 200 4360
[13/May/2026 20:35:26] "POST /admin/login/?next=/admin/ HTTP/1.1" 302 0
[13/May/2026 20:35:26] "GET /admin/ HTTP/1.1" 200 7736
[13/May/2026 20:35:27] "GET /static/admin/css/dashboard.css HTTP/1.1" 200 441
[13/May/2026 20:35:27] "GET /static/admin/img/icon-addlink.svg HTTP/1.1" 200 331
[13/May/2026 20:35:27] "GET /static/admin/img/icon-changelink.svg HTTP/1.1" 200 380
[13/May/2026 20:35:29] "GET /admin/auth/user/ HTTP/1.1" 200 12619
[13/May/2026 20:35:29] "GET /static/admin/css/changelists.css HTTP/1.1" 200 6878
[13/May/2026 20:35:29] "GET /static/admin/js/jquery.init.js HTTP/1.1" 200 347
[13/May/2026 20:35:29] "GET /static/admin/js/actions.js HTTP/1.1" 200 8076
[13/May/2026 20:35:29] "GET /static/admin/js/core.js HTTP/1.1" 200 6208
[13/May/2026 20:35:29] "GET /static/admin/js/prepopulate.js HTTP/1.1" 200 1531
[13/May/2026 20:35:29] "GET /admin/jsi18n/ HTTP/1.1" 200 3342
[13/May/2026 20:35:29] "GET /static/admin/js/urlify.js HTTP/1.1" 200 7887
[13/May/2026 20:35:29] "GET /static/admin/img/icon-yes.svg HTTP/1.1" 200 436
[13/May/2026 20:35:29] "GET /static/admin/js/admin/RelatedObjectLookups.js HTTP/1.1" 200 9777
[13/May/2026 20:35:29] "GET /static/admin/js/vendor/xregexp/xregexp.js HTTP/1.1" 200 325171
[13/May/2026 20:35:29] "GET /static/admin/img/search.svg HTTP/1.1" 200 458
[13/May/2026 20:35:29] "GET /static/admin/js/vendor/jquery/jquery.js HTTP/1.1" 200 285314
[13/May/2026 20:35:29] "GET /static/admin/js/filters.js HTTP/1.1" 200 978
[13/May/2026 20:35:29] "GET /static/admin/img/tooltag-add.svg HTTP/1.1" 200 331
[13/May/2026 20:35:29] "GET /static/admin/img/sorting-icons.svg HTTP/1.1" 200 1097
[13/May/2026 20:35:29] "GET /static/admin/img/icon-viewlink.svg HTTP/1.1" 200 581
[13/May/2026 20:35:32] "GET /admin/ HTTP/1.1" 200 7736
[13/May/2026 20:35:33] "GET /admin/shop/order/ HTTP/1.1" 200 11436
[13/May/2026 20:35:33] "GET /admin/jsi18n/ HTTP/1.1" 200 3342
[13/May/2026 20:35:37] "GET /admin/ HTTP/1.1" 200 7736
[13/May/2026 20:35:38] "GET /admin/shop/orderitem/ HTTP/1.1" 200 9081
[13/May/2026 20:35:38] "GET /admin/jsi18n/ HTTP/1.1" 200 3342
[13/May/2026 20:35:40] "GET /admin/ HTTP/1.1" 200 7736
[13/May/2026 20:35:45] "GET /admin/auth/group/ HTTP/1.1" 200 9032
[13/May/2026 20:35:45] "GET /admin/jsi18n/ HTTP/1.1" 200 3342
[13/May/2026 20:35:46] "GET /admin/ HTTP/1.1" 200 7736
[13/May/2026 20:36:29] "GET / HTTP/1.1" 200 143914
[13/May/2026 20:36:43] "GET /products/redmi-note-13-pro-256gb/ HTTP/1.1" 200 25411
[13/May/2026 20:36:43] "GET /static/img/products/phones/redmi-note-13-pro-256gb-2.jpg?v=20260512-9 HTTP/1.1" 304 0
[13/May/2026 20:36:48] "POST /cart/add/redmi-note-13-pro-256gb/ HTTP/1.1" 302 0
[13/May/2026 20:36:48] "GET /products/redmi-note-13-pro-256gb/ HTTP/1.1" 200 25884
[13/May/2026 20:36:58] "GET /cart/ HTTP/1.1" 200 15850
[13/May/2026 20:37:02] "GET /products/ HTTP/1.1" 200 142642
[13/May/2026 20:37:04] "GET /cart/ HTTP/1.1" 200 15850
[13/May/2026 20:37:06] "GET /checkout/ HTTP/1.1" 200 18794
[13/May/2026 20:37:09] "POST /checkout/ HTTP/1.1" 200 19359
[13/May/2026 20:37:12] "POST /checkout/ HTTP/1.1" 200 19359
[13/May/2026 20:37:26] "POST /checkout/ HTTP/1.1" 200 19032
[13/May/2026 20:37:31] "POST /checkout/ HTTP/1.1" 302 0
[13/May/2026 20:37:31] "GET /order/success/ HTTP/1.1" 200 14740
[13/May/2026 20:37:35] "GET / HTTP/1.1" 200 143906
[13/May/2026 20:37:48] "GET /admin/ HTTP/1.1" 200 7736
[13/May/2026 20:37:50] "GET /admin/auth/user/ HTTP/1.1" 200 12619
[13/May/2026 20:37:50] "GET /admin/jsi18n/ HTTP/1.1" 200 3342
[13/May/2026 20:37:53] "GET /admin/ HTTP/1.1" 200 7736
[13/May/2026 20:37:55] "GET /admin/shop/order/ HTTP/1.1" 200 14108
[13/May/2026 20:37:55] "GET /admin/jsi18n/ HTTP/1.1" 200 3342
[13/May/2026 20:38:02] "GET /admin/shop/order/?_facets=True HTTP/1.1" 200 14716
[13/May/2026 20:38:02] "GET /admin/jsi18n/ HTTP/1.1" 200 3342
[13/May/2026 20:38:02] "GET /static/admin/img/icon-hidelink.svg HTTP/1.1" 200 784
[13/May/2026 20:38:03] "GET /admin/shop/order/? HTTP/1.1" 200 14108
[13/May/2026 20:38:03] "GET /admin/jsi18n/ HTTP/1.1" 200 3342
[13/May/2026 20:38:07] "GET /admin/shop/orderitem/ HTTP/1.1" 200 11623
[13/May/2026 20:38:07] "GET /admin/jsi18n/ HTTP/1.1" 200 3342
[13/May/2026 20:38:11] "GET /admin/auth/user/ HTTP/1.1" 200 12619
[13/May/2026 20:38:11] "GET /admin/jsi18n/ HTTP/1.1" 200 3342
[13/May/2026 20:38:24] "POST /admin/auth/user/ HTTP/1.1" 302 0
[13/May/2026 20:38:24] "GET /admin/auth/user/ HTTP/1.1" 200 12744
[13/May/2026 20:38:24] "GET /admin/jsi18n/ HTTP/1.1" 200 3342
[13/May/2026 20:38:24] "GET /static/admin/img/icon-alert.svg HTTP/1.1" 200 504
[13/May/2026 20:38:27] "POST /admin/auth/user/ HTTP/1.1" 302 0
[13/May/2026 20:38:27] "GET /admin/auth/user/ HTTP/1.1" 200 12812
[13/May/2026 20:38:27] "GET /admin/jsi18n/ HTTP/1.1" 200 3342
[13/May/2026 20:38:32] "GET /admin/auth/user/ HTTP/1.1" 200 12619
[13/May/2026 20:38:32] "GET /admin/jsi18n/ HTTP/1.1" 200 3342
[13/May/2026 20:38:33] "GET /admin/auth/group/ HTTP/1.1" 200 9032
[13/May/2026 20:38:33] "GET /admin/jsi18n/ HTTP/1.1" 200 3342
